// Jest Snapshot v1, https://goo.gl/fbAQLP

exports[`formatReserve DAI should return the correct response 1`] = `
Object {
  "availableLiquidity": "43133.641118657852003256",
  "baseLTVasCollateral": "0.75",
  "liquidityIndex": "1.00016444737961059057",
  "liquidityRate": "0.02677620073531209306",
  "reserveFactor": "0.1",
  "reserveLiquidationBonus": "0.05",
  "reserveLiquidationThreshold": "0.8",
  "stableBorrowRate": "0.10928437169401419784",
  "totalDebt": "104546.724902523987620455",
  "totalDebtBn": "1.04546724902523987620455e+23",
  "totalLiquidity": "147680.366021181839623711",
  "totalLiquidityBn": "1.47680366021181839623711e+23",
  "totalPrincipalStableDebt": "1",
  "totalScaledVariableDebt": "145496.831599325217573288",
  "totalStableDebt": "0.500764298282678588",
  "totalStableDebtBn": "500764298282678588",
  "totalVariableDebt": "104546.224138225704941867",
  "totalVariableDebtBn": "1.04546224138225704941867e+23",
  "utilizationRate": "0.7079256892383976026",
  "variableBorrowIndex": "1.00023285443371120965",
  "variableBorrowRate": "0.03856874338802839568",
}
`;
